src/app/api/import/tax-offices/route.ts(51,23): error TS2353: Object literal may only specify known properties, and 'code' does not exist in type '(Without<TaxOfficeCreateInput, TaxOfficeUncheckedCreateInput> & TaxOfficeUncheckedCreateInput) | (Without<...> & TaxOfficeCreateInput)'.
